drizzle.config.ts(6,3): error TS2353: Object literal may only specify known properties, and 'driver' does not exist in type 'Config'.
